RAM Allocation [bytes]
Variable                                                                          Address   Size
------------------------------------------------------------------------------------------------

EEPROM Allocation [bytes]
Variable                                                                          Address   Size
------------------------------------------------------------------------------------------------

Register Allocation
Variable                                                                          Register  Size
------------------------------------------------------------------------------------------------
deviceAddress_0                                                                   R5           1
deviceAddress_1                                                                   R4           1
state                                                                             R7           1
muxSelect                                                                         R6           1
data                                                                              R9           1

FLASH Allocation [words]
Function                                                                          Address   Size
------------------------------------------------------------------------------------------------
init                                                                              0x0005C      9
ext_int0_isr                                                                      0x00065     33
ext_int1_isr                                                                      0x00086     21
main                                                                              0x0009B    117
putchar                                                                           0x00110      7
put_usart_G100                                                                    0x00117     13
_print_G100                                                                       0x00124    308
printf                                                                            0x00258     37
strlen                                                                            0x0027D     12
strlenf                                                                           0x00289     13
